// Jest Snapshot v1, https://goo.gl/fbAQLP

exports[`Snapshot de la p√°gina landing 1`] = `
<div>
  desktop
</div>
`;
